../Drivers/CMSIS/Include/core_cm3.h:1762:34:__NVIC_SystemReset	4	static,ignoring_inline_asm
../Core/Src/main.c:134:5:main	56	static
../Core/Src/main.c:228:6:SystemClock_Config	80	static
../Core/Src/main.c:267:6:LD2Flip	8	static
../Core/Src/main.c:280:6:SetBootFlag	16	static
../Core/Src/main.c:290:6:SendFirmwareStartedMessage	8	static
../Core/Src/main.c:310:6:NVIC_Config	8	static
../Core/Src/main.c:316:6:ProcessFirmwareSizeMessage	16	static
../Core/Src/main.c:326:6:HAL_CAN_RxFifo0MsgPendingCallback	56	static
../Core/Src/main.c:352:6:EraseFlashMemory	32	static
../Core/Src/main.c:374:6:StartFirmwareUpdate	8	static
../Core/Src/main.c:389:6:SendInactivePartitionAddress	16	static
../Core/Src/main.c:412:6:SendUpdateState	8	static
../Core/Src/main.c:433:9:MessageBufferIsFull	4	static
../Core/Src/main.c:438:9:MessageBufferIsEmpty	4	static
../Core/Src/main.c:443:6:MessageBufferPut	24	static
../Core/Src/main.c:453:6:MessageBufferGet	24	static
../Core/Src/main.c:463:6:FirmwareUpdateStateMachine	64	static
../Core/Src/main.c:542:6:Error_Handler	8	static,ignoring_inline_asm
